command: C:\Python313\python.exe tools\devmods\train_hub\tests\distribution_smoke.py
HEAD: ceb568ffc6edf400f59d0c5f74548a085b268a2c
command: C:\Python313\python.exe tools\devmods\train_hub\tests\distribution_smoke.py
HEAD: ceb568ffc6edf400f59d0c5f74548a085b268a2c
source: B:\Dev\SMR\SMR-Shared\SMR-SrcArchive\1.1.1.405907\Src\Lua\Units\Train.lua sha256: 5c6d9b9888e3c4e66f3261307d60543b3c10ee8b11335cf2a0de591c218aab44
[TrainHubDev] train export floor loaded (standing + transient holds)
floor sha256: f03b541d82ef219afd5bff0ade0fdbeaea5dcb58d271cf692377bff61de16f86
[TrainHubDev] transient claim failed: [string "<python>"]:13: attempt to index a nil value (local 'absent')
PASS vanilla archived balancer: 80/0 -> source 40, cargo 40
PASS existing transient path: floor 20 -> source 60, cargo 20; claim released
PASS rejection, runtime failure cleanup, nil returns, other reservations, standing reserve
[TrainDistribution] synchronous console prototype loaded; drone baselines are samples only
distribution sha256: ad7a309edc0f9c69faf2df98264900c2101e1f14408a5dd374b26d6d1b99ed6f
[TrainDistribution] armed Metals export at 20%; drone baseline remains vanilla (sample only)
[TrainDistribution] CURRENT (drones now) supply actual/target/desired=80.000/80.000/50.000; demand actual/target/desired=20.000/20.000/50.000
[TrainDistribution] DRONE SAMPLE (not installed) supply actual/target/desired=80.000/80.000/100.000; demand actual/target/desired=20.000/20.000/0.000
[TrainDistribution] TRAIN SAMPLE (claims inside call) supply actual/target/desired=80.000/60.000/50.000; demand actual/target/desired=20.000/0.000/50.000
[TrainDistribution] native calls=0; samples do not prove hauling
[TrainDistribution] reset; no standing claims or baseline edits to undo
[TrainDistribution] armed Metals export at 20%; drone baseline remains vanilla (sample only)
[TrainDistribution] reset; no standing claims or baseline edits to undo
[TrainDistribution] armed Metals import at 20%; drone baseline remains vanilla (sample only)
[TrainDistribution] reset; no standing claims or baseline edits to undo
[TrainDistribution] armed Metals import at 20%; drone baseline remains vanilla (sample only)
PASS import destination still gets share 40, not full capacity 100
[TrainDistribution] reset; no standing claims or baseline edits to undo
[TrainDistribution] armed Metals balanced at 20%; drone baseline remains vanilla (sample only)
[TrainDistribution] reset; no standing claims or baseline edits to undo
[TrainDistribution] armed Metals export at 20%; drone baseline remains vanilla (sample only)
[TrainDistribution] CURRENT (drones now) supply actual/target/desired=10.000/7.000/50.000; demand actual/target/desired=90.000/90.000/50.000
[TrainDistribution] DRONE SAMPLE (not installed) supply actual/target/desired=10.000/7.000/100.000; demand actual/target/desired=90.000/90.000/0.000
[TrainDistribution] TRAIN SAMPLE (claims inside call) supply actual/target/desired=10.000/0.000/50.000; demand actual/target/desired=90.000/0.000/50.000
[TrainDistribution] native calls=5; samples do not prove hauling
[TrainDistribution] CURRENT (drones now) supply actual/target/desired=10.000/7.000/50.000; demand actual/target/desired=90.000/90.000/50.000
[TrainDistribution] DRONE SAMPLE (not installed) supply actual/target/desired=10.000/7.000/200.000; demand actual/target/desired=90.000/90.000/0.000
[TrainDistribution] TRAIN SAMPLE (claims inside call) supply actual/target/desired=10.000/0.000/50.000; demand actual/target/desired=90.000/0.000/50.000
[TrainDistribution] native calls=5; samples do not prove hauling
[TrainDistribution] resource requests missing
[TrainDistribution] hub/reserve station excluded
[TrainDistribution] reset; no standing claims or baseline edits to undo
[TrainDistribution] armed Metals balanced at 20%; drone baseline remains vanilla (sample only)
[TrainDistribution] sample failed: [string "<python>"]:58: attempt to index a nil value (local 'absent')
[TrainDistribution] enable this resource first
[TrainDistribution] reset; no standing claims or baseline edits to undo
PASS modes, route destination, reservation cleanup, live percentage, invalid input, sample failure
[TrainDistribution] reset; no standing claims or baseline edits to undo
[TrainDistribution] armed Metals export at 20%; drone baseline remains vanilla (sample only)
PASS brief09 stop witness: source cap=100 sink cap=100; stock 80 -> 60; floor=20; return trip loads=0
[TrainDistribution] reset; no standing claims or baseline edits to undo
[TrainDistribution] armed Metals export at 20%; drone baseline remains vanilla (sample only)
PASS brief09 stop witness: source cap=100 sink cap=400; stock 80 -> 36; floor=20; return trip loads=0
[TrainDistribution] reset; no standing claims or baseline edits to undo
[TrainDistribution] armed Metals export at 20%; drone baseline remains vanilla (sample only)
PASS limitation: existing inbound 10 unloads, then 5 reloads despite export floor 20
[TrainDistribution] reset; no standing claims or baseline edits to undo
PASS offline scope only: native requests, drones, engine load/save NOT tested

exit: 0
